Windows fatal exception: code 0x80010108

Thread 0x00011b34 (most recent call first):
  File "C:\Program Files\Python311\Lib\concurrent\futures\thread.py", line 81 in _worker
  File "C:\Program Files\Python311\Lib\threading.py", line 982 in run
  File "C:\Program Files\Python311\Lib\threading.py", line 1045 in _bootstrap_inner
  File "C:\Program Files\Python311\Lib\threading.py", line 1002 in _bootstrap

Thread 0x00011df0 (most recent call first):
  File "C:\Program Files\Python311\Lib\tkinter\commondialog.py", line 45 in show
  File "C:\Program Files\Python311\Lib\tkinter\filedialog.py", line 384 in askopenfilename
  File "C:\Users\Dnord\Dropbox\David LPL work\Initial Teacher Interview Guide\src\interview_app.pyw", line 3812 in _browse_file
  File "C:\Users\Dnord\Dropbox\David LPL work\Initial Teacher Interview Guide\src\interview_app.pyw", line 3785 in <lambda>
  File "C:\Program Files\Python311\Lib\tkinter\__init__.py", line 1967 in __call__
  File "C:\Program Files\Python311\Lib\tkinter\__init__.py", line 1504 in mainloop
  File "C:\Users\Dnord\Dropbox\David LPL work\Initial Teacher Interview Guide\src\interview_app.pyw", line 3885 in <module>
  File "<frozen runpy>", line 88 in _run_code
  File "<frozen runpy>", line 98 in _run_module_code
  File "<frozen runpy>", line 291 in run_path
  File "C:\Users\Dnord\Downloads\Preschool-Teacher-Interview-Guide-main (8)\Preschool-Teacher-Interview-Guide-main\src\runtime_wrapper.py", line 50 in main
  File "C:\Users\Dnord\Downloads\Preschool-Teacher-Interview-Guide-main (8)\Preschool-Teacher-Interview-Guide-main\src\runtime_wrapper.py", line 231 in <module>
Windows fatal exception: code 0x80010108

Thread 0x00011b34 (most recent call first):
  File "C:\Program Files\Python311\Lib\concurrent\futures\thread.py", line 81 in _worker
  File "C:\Program Files\Python311\Lib\threading.py", line 982 in run
  File "C:\Program Files\Python311\Lib\threading.py", line 1045 in _bootstrap_inner
  File "C:\Program Files\Python311\Lib\threading.py", line 1002 in _bootstrap

Thread 0x00011df0 (most recent call first):
  File "C:\Program Files\Python311\Lib\tkinter\commondialog.py", line 45 in show
  File "C:\Program Files\Python311\Lib\tkinter\filedialog.py", line 384 in askopenfilename
  File "C:\Users\Dnord\Dropbox\David LPL work\Initial Teacher Interview Guide\src\interview_app.pyw", line 3812 in _browse_file
  File "C:\Users\Dnord\Dropbox\David LPL work\Initial Teacher Interview Guide\src\interview_app.pyw", line 3785 in <lambda>
  File "C:\Program Files\Python311\Lib\tkinter\__init__.py", line 1967 in __call__
  File "C:\Program Files\Python311\Lib\tkinter\__init__.py", line 1504 in mainloop
  File "C:\Users\Dnord\Dropbox\David LPL work\Initial Teacher Interview Guide\src\interview_app.pyw", line 3885 in <module>
  File "<frozen runpy>", line 88 in _run_code
  File "<frozen runpy>", line 98 in _run_module_code
  File "<frozen runpy>", line 291 in run_path
  File "C:\Users\Dnord\Downloads\Preschool-Teacher-Interview-Guide-main (8)\Preschool-Teacher-Interview-Guide-main\src\runtime_wrapper.py", line 50 in main
  File "C:\Users\Dnord\Downloads\Preschool-Teacher-Interview-Guide-main (8)\Preschool-Teacher-Interview-Guide-main\src\runtime_wrapper.py", line 231 in <module>
